// Jest Snapshot v1, https://goo.gl/fbAQLP

exports[`App component renders App 1`] = `
<Fragment>
  <BrowserRouter>
    <Header />
    <Switch>
      <Route
        component={[Function]}
        path="/artists/:id/:name"
      />
      <Route
        component={[Function]}
        path="/tracks/:id/:name"
      />
      <Route
        component={[Function]}
        path="/lyrics/:name/:track"
      />
      <Route
        component={[Function]}
        exact={true}
        path="/"
      />
    </Switch>
  </BrowserRouter>
</Fragment>
`;
